name: toomany
services:
  service1:
    image: example
    networks:
      default: null
networks:
  default:
    name: toomany_default
