name: longname
services:
  aVeryLongServiceNameThatIsDefinitelyTooLongThatWillCauseAnError:
    image: alpine
    networks:
      default: null
networks:
  default:
    name: longname_default
