name: configoverride
services:
  service1:
    environment:
      VAR1: service1test
    image: alpine
    networks:
      default: null
networks:
  default:
    name: configoverride_default
