name: fixupenv
services:
  Mistral:
    image: mistral:latest
    networks:
      default: null
    ports:
      - mode: host
        target: 8000
  bad-service:
    image: somedb:latest
    networks:
      default: null
    ports:
      - mode: ingress
        target: 5432
  env-in-config:
    environment:
      CONFIG1: http://Mistral:8000
    image: service:latest
    networks:
      default: null
  ui:
    environment:
      API_URL: http://Mistral:8000
      SENSITIVE_DATA: null
    image: ui:latest
    networks:
      default: null
  use-bad-service:
    environment:
      DB_URL: bad-service:5432
    image: service:latest
    networks:
      default: null
networks:
  default:
    name: fixupenv_default
