name: configdetection
services:
  configdetection:
    environment:
      API_KEY: 50m34p1k3y
      AWS_CLIENT_ID: AROA1234567890ABCDEF
      GH_PAT: ghp_aBcDeFgHiJkLmNoPqRsTuVwXyZ1234567890
      HIGH_ENTROPY_STRING: 1234567890abcdef
      MY_URL: https://user:p455w0rd@example.com
      NOT_A_CONFIG: notaconfigvalue
    image: alpine
    networks:
      default: null
networks:
  default:
    name: configdetection_default
