name: build
services:
  build1:
    build:
      context: .
      dockerfile: Dockerfile
      args:
        BASE_IMAGE: nginx
      target: test
      shm_size: "2147483648"
    networks:
      default: null
  build2:
    build:
      context: .
      dockerfile: Dockerfile
      args:
        BASE_IMAGE: alpine
      target: test
      shm_size: "2147483648"
    networks:
      default: null
networks:
  default:
    name: build_default
