name: test
services:
  dfnx:
    build:
      context: ../../tests/testproj
      dockerfile: Dockerfile
      args:
        DNS: dfnx
      target: testproj
    deploy:
      resources:
        limits:
          cpus: 0.5
          memory: "536870912"
        reservations:
          cpus: 0.25
          memory: "268435456"
    environment:
      FOO: bar
    healthcheck:
      test:
        - CMD
        - curl
        - -f
        - http://localhost/
    networks:
      default: null
    ports:
      - mode: ingress
        target: 80
      - target: 1234
    restart: unless-stopped
    secrets:
      - source: dummy
        target: /run/secrets/dummy
networks:
  default:
    name: test_default
secrets:
  dummy:
    name: dummy
    external: true
x-unsupported: unsupported
